[0m15:26:47.308128 [debug] [MainThread]: Sending event: {'category': 'dbt', 'action': 'invocation', 'label': 'start', 'context': [<snowplow_tracker.self_describing_json.SelfDescribingJson object at 0x109feb0e0>, <snowplow_tracker.self_describing_json.SelfDescribingJson object at 0x10b53b4d0>, <snowplow_tracker.self_describing_json.SelfDescribingJson object at 0x10b53b750>]}


============================== 15:26:47.310618 | b21c75ab-3459-4717-8d30-62df3c9380d2 ==============================
[0m15:26:47.310618 [info ] [MainThread]: Running with dbt=1.11.7
[0m15:26:47.310863 [debug] [MainThread]: running dbt with arguments {'invocation_command': 'dbt init --skip-profile-setup airbnb', 'no_print': 'None', 'introspect': 'True', 'target_path': 'None', 'static_parser': 'True', 'quiet': 'False', 'cache_selected_only': 'False', 'log_cache_events': 'False', 'log_format': 'default', 'partial_parse': 'True', 'use_experimental_parser': 'False', 'debug': 'False', 'empty': 'None', 'indirect_selection': 'eager', 'profiles_dir': '/Users/lloydbuss/.dbt', 'send_anonymous_usage_stats': 'True', 'write_json': 'True', 'use_colors': 'True', 'warn_error_options': 'WarnErrorOptionsV2(error=[], warn=[], silence=[])', 'log_path': 'logs', 'fail_fast': 'False', 'warn_error': 'None', 'version_check': 'True', 'printer_width': '80'}
[0m15:26:47.339313 [info ] [MainThread]: Creating dbt configuration folder at /Users/lloydbuss/.dbt
[0m15:26:47.340270 [debug] [MainThread]: Starter project path: /Users/lloydbuss/Git/course/.venv/lib/python3.13/site-packages/dbt/include/starter_project
[0m15:26:47.344037 [info ] [MainThread]: 
Your new dbt project "airbnb" was created!

For more information on how to configure the profiles.yml file,
please consult the dbt documentation here:

  https://docs.getdbt.com/docs/configure-your-profile

One more thing:

Need help? Don't hesitate to reach out to us via GitHub issues or on Slack:

  https://community.getdbt.com/

Happy modeling!

[0m15:26:47.413165 [debug] [MainThread]: Resource report: {"command_name": "init", "command_success": true, "command_wall_clock_time": 0.14409958, "process_in_blocks": "0", "process_kernel_time": 0.116593, "process_mem_max_rss": "118243328", "process_out_blocks": "0", "process_user_time": 0.535628}
[0m15:26:47.413573 [debug] [MainThread]: Command `dbt init` succeeded at 15:26:47.413507 after 0.14 seconds
[0m15:26:47.413799 [debug] [MainThread]: Sending event: {'category': 'dbt', 'action': 'invocation', 'label': 'end', 'context': [<snowplow_tracker.self_describing_json.SelfDescribingJson object at 0x10b6642b0>, <snowplow_tracker.self_describing_json.SelfDescribingJson object at 0x10b6f0b90>, <snowplow_tracker.self_describing_json.SelfDescribingJson object at 0x10b644160>]}
[0m15:26:47.413991 [debug] [MainThread]: Flushing usage events
[0m15:26:47.976449 [debug] [MainThread]: An error was encountered while trying to flush usage events
